[20328]  LandscapeDNDC 1.36 (revision -1)  2024-07-11 14:47
[20328]  Mon Aug 18 15:49:28 E. Africa Standard Time 2025
[20328]  running on host "UNKNOWN_HOSTNAME"
[  ] {0-03-01 00:00:00} ==== project "KE_Kapiti_eddy.ldndc" ====
[  ] {0-03-01 00:00:00} running crabmeat library version 0.13.0 (<unknown>)
[  ] {2006-01-01 00:00:00} clk=2006-01-01-01/24->2020-12-30-01  clock=63298281600  dt=3600
[II] {LandscapeDNDC ModelCompositor<0> 2006-01-01 00:00:00} seeing 1 models
[II] {MoBiLE Legacy MasterControlProgram<0> 2006-01-01 00:00:00} Using MoBiLE section "/mobile"
[II] {MoBiLE Legacy MasterControlProgram<0> 2006-01-01 00:00:00} seeing 12 MoBiLE module(s)
[II] {2006-01-01 00:00:00} STRATUM (0-0.34m) 1:
[II] {2006-01-01 00:00:00} Determined soil type of stratum 1: sandy clay
[II] {2006-01-01 00:00:00} Soil hydraulic conductivity of stratum 1 not initialized, estimated value: 0.002 [cm min-1]
[II] {2006-01-01 00:00:00} Porosity of stratum 1 not initialized, estimated value (without stones): 53.9649 [%]
[II] {2006-01-01 00:00:00} van Genuchten parameter n of stratum 1 not initialized, estimated value: 1.23 [-]
[II] {2006-01-01 00:00:00} van Genuchten parameter alpha of stratum 1 not initialized, estimated value is 2.7 [m-1]
[II] {2006-01-01 00:00:00} Maximum water filled pore space of stratum 1 not initialized, estimated value: 0.965554
[II] {2006-01-01 00:00:00} Minimum water filled pore space of stratum 1 not initialized, estimated value: 0.511926
[II] {2006-01-01 00:00:00} Minimum water filled pore space exceeded wilting point in stratum 1. Minimum water filled pore space changed to: 0.111183 [m3 m-3]
[II] {2006-01-01 00:00:00} STRATUM (0.34-0.68m) 2:
[II] {2006-01-01 00:00:00} Determined soil type of stratum 2: sandy clay
[II] {2006-01-01 00:00:00} Soil hydraulic conductivity of stratum 2 not initialized, estimated value: 0.002 [cm min-1]
[II] {2006-01-01 00:00:00} Porosity of stratum 2 not initialized, estimated value (without stones): 51.5367 [%]
[II] {2006-01-01 00:00:00} van Genuchten parameter n of stratum 2 not initialized, estimated value: 1.23 [-]
[II] {2006-01-01 00:00:00} van Genuchten parameter alpha of stratum 2 not initialized, estimated value is 2.7 [m-1]
[II] {2006-01-01 00:00:00} Maximum water filled pore space of stratum 2 not initialized, estimated value: 0.968398
[II] {2006-01-01 00:00:00} Minimum water filled pore space of stratum 2 not initialized, estimated value: 0.487536
[II] {2006-01-01 00:00:00} Minimum water filled pore space exceeded wilting point in stratum 2. Minimum water filled pore space changed to: 0.116422 [m3 m-3]
node 0: normal termination.
